 DBCSR| Multiplication driver                                               BLAS
 DBCSR| Multrec recursion limit                                              512
 DBCSR| Multiplication stack size                                           1000
 DBCSR| Maximum elements for images                                    UNLIMITED
 DBCSR| Multiplicative factor virtual images                                   1
 DBCSR| Multiplication size stacks                                             3
 DBCSR| Number of 3D layers                                               SINGLE
 DBCSR| Use MPI memory allocation                                              T
 DBCSR| Use RMA algorithm                                                      F
 DBCSR| Use Communication thread                                               T
 DBCSR| Communication thread load                                             87


  **** **** ******  **  PROGRAM STARTED AT               2022-03-30 11:11:14.575
 ***** ** ***  *** **   PROGRAM STARTED ON                                  h142
 **    ****   ******    PROGRAM STARTED BY                                 bueno
 ***** **    ** ** **   PROGRAM PROCESS ID                                 35418
  **** **  *******  **  PROGRAM STARTED IN                   /scratch/bueno/test

 CP2K| version string:                                          CP2K version 5.1
 CP2K| source code revision number:                                    svn:18091
 CP2K| cp2kflags: libint fftw3 pexsi parallel mpi3 scalapack libderiv_max_am1=5 
 CP2K|            libint_max_am=6
 CP2K| is freely available from                            https://www.cp2k.org/
 CP2K| Program compiled at                          Thu Jul 5 11:15:01 CEST 2018
 CP2K| Program compiled on                                                  f016
 CP2K| Program compiled for                  linux-rhel7-x86_E5v4_Mellanox-intel
 CP2K| Data directory path            /work/lsmo/aiida-lsmo-codes/data/cp2k/data
 CP2K| Input file name                                               acs_mof.inp
 
 GLOBAL| Force Environment number                                              1
 GLOBAL| Basis set file name                                        BASIS_MOLOPT
 GLOBAL| Potential file name                                      GTH_POTENTIALS
 GLOBAL| MM Potential file name                                     MM_POTENTIAL
 GLOBAL| Coordinate file name                     acs_v1-6c_Al_1_1-1B_2OH_Ch.xyz
 GLOBAL| Method name                                                        CP2K
 GLOBAL| Project name                                            acs_calculation
 GLOBAL| Preferred FFT library                                             FFTW3
 GLOBAL| Preferred diagonalization lib.                                       SL
 GLOBAL| Run type                                                   ENERGY_FORCE
 GLOBAL| All-to-all communication in single precision                          F
 GLOBAL| FFTs using library dependent lengths                                  F
 GLOBAL| Global print level                                                  LOW
 GLOBAL| Total number of message passing processes                             1
 GLOBAL| Number of threads for this process                                    1
 GLOBAL| This output is from process                                           0
 GLOBAL| CPU model name :  Intel(R) Xeon(R) Gold 6140 CPU @ 2.30GHz

 MEMORY| system memory details [Kb]
 MEMORY|                        rank 0           min           max       average
 MEMORY| MemTotal            197735712     197735712     197735712     197735712
 MEMORY| MemFree             172264996     172264996     172264996     172264996
 MEMORY| Buffers                  5536          5536          5536          5536
 MEMORY| Cached                 199048        199048        199048        199048
 MEMORY| Slab                   364088        364088        364088        364088
 MEMORY| SReclaimable            80256         80256         80256         80256
 MEMORY| MemLikelyFree       172549836     172549836     172549836     172549836

 
 GENERATE|  Preliminary Number of Bonds generated:                             0
 GENERATE|  Achieved consistency in connectivity generation.

 *******************************************************************************
 *******************************************************************************
 **                                                                           **
 **     #####                         ##              ##                      **
 **    ##   ##            ##          ##              ##                      **
 **   ##     ##                       ##            ######                    **
 **   ##     ##  ##   ##  ##   #####  ##  ##   ####   ##    #####    #####    **
 **   ##     ##  ##   ##  ##  ##      ## ##   ##      ##   ##   ##  ##   ##   **
 **   ##  ## ##  ##   ##  ##  ##      ####     ###    ##   ######   ######    **
 **    ##  ###   ##   ##  ##  ##      ## ##      ##   ##   ##       ##        **
 **     #######   #####   ##   #####  ##  ##  ####    ##    #####   ##        **
 **           ##                                                    ##        **
 **                                                                           **
 **                                                ... make the atoms dance   **
 **                                                                           **
 **            Copyright (C) by CP2K developers group (2000 - 2017)           **
 **                                                                           **
 *******************************************************************************


 SCF PARAMETERS         Density guess:                                    ATOMIC
                        --------------------------------------------------------
                        max_scf:                                              50
                        max_scf_history:                                       0
                        max_diis:                                              4
                        --------------------------------------------------------
                        eps_scf:                                        1.00E-06
                        eps_scf_history:                                0.00E+00
                        eps_diis:                                       1.00E-01
                        eps_eigval:                                     1.00E-05
                        --------------------------------------------------------
                        level_shift [a.u.]:                                 0.00
                        --------------------------------------------------------
                        Outer loop SCF in use 
                        No variables optimised in outer loop
                        eps_scf                                         1.00E-06
                        max_scf                                               50
                        DIIS optimization
                        DIIS buffer length                                     3
                        step_size                                       5.00E-01

 Number of electrons:                                                        462
 Number of occupied orbitals:                                                231
 Number of molecular orbitals:                                               231

 Number of orbital functions:                                               1340
 Number of independent orbital functions:                                   1340

 Extrapolation method: initial_guess


 SCF WAVEFUNCTION OPTIMIZATION

  ----------------------------------- OT ---------------------------------------
  Minimizer      : CG                  : conjugate gradient
  Preconditioner : FULL_KINETIC        : inversion of T + eS
  Precond_solver : DEFAULT
  Line search    : 2PNT                : 2 energies, one gradient
  stepsize       :    0.15000000                  energy_gap     :    0.20000000
  eps_taylor     :   0.10000E-15                  max_taylor     :             4
  ----------------------------------- OT ---------------------------------------

  Step     Update method      Time    Convergence         Total energy    Change
  ------------------------------------------------------------------------------
srun: Job step aborted: Waiting up to 32 seconds for job step to finish.
slurmstepd: error: *** STEP 1992753.0 ON h142 CANCELLED AT 2022-03-30T11:13:35 ***
